TSPTW50-hard CaR-POMO refinement_10
Python executable: D:\Miniconda3\envs\car\python.exe
Arguments: -u test.py --problem TSPTW --problem_size 50 --hardness hard --checkpoint pretrained/TSPTW/CaR-POMO_50_hard/checkpoint.pt --test_episodes 10000 --test_batch_size 32 --test_pomo_size 1 --improve_steps 5 --validation_improve_steps 10 --pomo_size 50 --pomo_start false --soft_constrained true --eval_type softmax --sample_size 1 --seed 2023 --gpu_id 0
Started: 2026-09-21T13:59:10.1190693+08:00
Finished: 2026-09-21T14:04:47.9846069+08:00
Elapsed seconds: 337.866
Exit code: 0
GPU baseline MiB: 55
GPU sampled peak MiB: 428
----- STDOUT -----
>> No occupation needed
>> USE_CUDA: True, CUDA_DEVICE_NUM: 0
>> Use unified encoder for Improvement and Construction!
>> Use kopt decoder for Improvement!
Number of Parameters: 1637856

======================================================================
                    TEST CONFIGURATION
======================================================================
  Problem:              TSPTW (Size: 50, Hardness: hard)
  Checkpoint:           pretrained/TSPTW/CaR-POMO_50_hard/checkpoint.pt
  Test Episodes:        10000 | Batch Size: 32
  Validation Improve Steps: 10
  Soft Constrained:     True
  Improvement Method:   kopt | N2S Decoder: False
  POMO Start:           False | Test POMO Size: 1
  Unified Encoder:       True | Unified Decoder: False
  Eval Type:            softmax
  Sample Size:          1
======================================================================

>> TEST dataset tsptw50_hard.pkl
>> TEST 10000 instances.
>> validation eval type:  softmax
Rank 0 >> val construction time:  0.7823255062103271
! solution size:  torch.Size([256, 1, 50])
Rank 0 >> val improvement time:  0.8213999271392822
episode  32/10000, Elapsed[0.04m], Remain[12.38m]
Rank 0 >> val construction time:  0.10151147842407227
! solution size:  torch.Size([256, 1, 50])
Rank 0 >> val improvement time:  0.6100654602050781
episode  64/10000, Elapsed[0.06m], Remain[8.63m]
Rank 0 >> val construction time:  0.17090392112731934
! solution size:  torch.Size([256, 1, 50])
Rank 0 >> val improvement time:  0.6755752563476562
episode  96/10000, Elapsed[0.07m], Remain[7.58m]
Rank 0 >> val construction time:  0.15282750129699707
! solution size:  torch.Size([256, 1, 50])
Rank 0 >> val improvement time:  0.6441030502319336
episode 128/10000, Elapsed[0.09m], Remain[6.98m]
Rank 0 >> val construction time:  0.17823529243469238
! solution size:  torch.Size([256, 1, 50])
Rank 0 >> val improvement time:  0.6862168312072754
episode 160/10000, Elapsed[0.11m], Remain[6.73m]
Rank 0 >> val construction time:  0.16878652572631836
! solution size:  torch.Size([256, 1, 50])
Rank 0 >> val improvement time:  0.6725847721099854
episode 192/10000, Elapsed[0.13m], Remain[6.62m]
Rank 0 >> val construction time:  0.12903714179992676
! solution size:  torch.Size([256, 1, 50])
Rank 0 >> val improvement time:  0.6725797653198242
episode 224/10000, Elapsed[0.15m], Remain[6.40m]
Rank 0 >> val construction time:  0.11812233924865723
! solution size:  torch.Size([256, 1, 50])
Rank 0 >> val improvement time:  0.6408839225769043
episode 256/10000, Elapsed[0.16m], Remain[6.21m]
Rank 0 >> val construction time:  0.09651732444763184
! solution size:  torch.Size([256, 1, 50])
Rank 0 >> val improvement time:  0.6500720977783203
episode 288/10000, Elapsed[0.18m], Remain[6.05m]
Rank 0 >> val construction time:  0.12851810455322266
! solution size:  torch.Size([256, 1, 50])
Rank 0 >> val improvement time:  0.6495742797851562
episode 320/10000, Elapsed[0.20m], Remain[5.93m]
Rank 0 >> val construction time:  0.12910723686218262
! solution size:  torch.Size([256, 1, 50])
Rank 0 >> val improvement time:  0.6495780944824219
episode 352/10000, Elapsed[0.21m], Remain[5.83m]
Rank 0 >> val construction time:  0.13350582122802734
! solution size:  torch.Size([256, 1, 50])
Rank 0 >> val improvement time:  0.670783281326294
episode 384/10000, Elapsed[0.23m], Remain[5.76m]
Rank 0 >> val construction time:  0.10751128196716309
! solution size:  torch.Size([256, 1, 50])
Rank 0 >> val improvement time:  0.6382830142974854
episode 416/10000, Elapsed[0.25m], Remain[5.67m]
Rank 0 >> val construction time:  0.0982358455657959
! solution size:  torch.Size([256, 1, 50])
Rank 0 >> val improvement time:  0.677708625793457
episode 448/10000, Elapsed[0.26m], Remain[5.60m]
Rank 0 >> val construction time:  0.11051058769226074
! solution size:  torch.Size([256, 1, 50])
Rank 0 >> val improvement time:  0.6435830593109131
episode 480/10000, Elapsed[0.28m], Remain[5.54m]
Rank 0 >> val construction time:  0.14354491233825684
! solution size:  torch.Size([256, 1, 50])
Rank 0 >> val improvement time:  0.6380620002746582
episode 512/10000, Elapsed[0.30m], Remain[5.48m]
Rank 0 >> val construction time:  0.1410205364227295
! solution size:  torch.Size([256, 1, 50])
Rank 0 >> val improvement time:  0.6725690364837646
episode 544/10000, Elapsed[0.31m], Remain[5.44m]
Rank 0 >> val construction time:  0.1160576343536377
! solution size:  torch.Size([256, 1, 50])
Rank 0 >> val improvement time:  0.6745765209197998
episode 576/10000, Elapsed[0.33m], Remain[5.40m]
Rank 0 >> val construction time:  0.11352658271789551
! solution size:  torch.Size([256, 1, 50])
Rank 0 >> val improvement time:  0.6572685241699219
episode 608/10000, Elapsed[0.35m], Remain[5.36m]
Rank 0 >> val construction time:  0.11410140991210938
! solution size:  torch.Size([256, 1, 50])
Rank 0 >> val improvement time:  0.637624979019165
episode 640/10000, Elapsed[0.36m], Remain[5.31m]
Rank 0 >> val construction time:  0.11351776123046875
! solution size:  torch.Size([256, 1, 50])
Rank 0 >> val improvement time:  0.648815393447876
episode 672/10000, Elapsed[0.38m], Remain[5.27m]
Rank 0 >> val construction time:  0.11468005180358887
! solution size:  torch.Size([256, 1, 50])
Rank 0 >> val improvement time:  0.6569600105285645
episode 704/10000, Elapsed[0.40m], Remain[5.23m]
Rank 0 >> val construction time:  0.11751770973205566
! solution size:  torch.Size([256, 1, 50])
Rank 0 >> val improvement time:  0.6635665893554688
episode 736/10000, Elapsed[0.41m], Remain[5.20m]
Rank 0 >> val construction time:  0.10447955131530762
! solution size:  torch.Size([256, 1, 50])
Rank 0 >> val improvement time:  0.6586582660675049
episode 768/10000, Elapsed[0.43m], Remain[5.16m]
Rank 0 >> val construction time:  0.10650968551635742
! solution size:  torch.Size([256, 1, 50])
Rank 0 >> val improvement time:  0.6330583095550537
episode 800/10000, Elapsed[0.45m], Remain[5.12m]
Rank 0 >> val construction time:  0.1022951602935791
! solution size:  torch.Size([256, 1, 50])
Rank 0 >> val improvement time:  0.6590969562530518
episode 832/10000, Elapsed[0.46m], Remain[5.09m]
Rank 0 >> val construction time:  0.16082072257995605
! solution size:  torch.Size([256, 1, 50])
Rank 0 >> val improvement time:  0.6680715084075928
episode 864/10000, Elapsed[0.48m], Remain[5.07m]
Rank 0 >> val construction time:  0.1690964698791504
! solution size:  torch.Size([256, 1, 50])
Rank 0 >> val improvement time:  0.6665773391723633
episode 896/10000, Elapsed[0.50m], Remain[5.05m]
Rank 0 >> val construction time:  0.14101505279541016
! solution size:  torch.Size([256, 1, 50])
Rank 0 >> val improvement time:  0.6378488540649414
episode 928/10000, Elapsed[0.51m], Remain[5.03m]
Rank 0 >> val construction time:  0.1396191120147705
! solution size:  torch.Size([256, 1, 50])
Rank 0 >> val improvement time:  0.6424434185028076
episode 960/10000, Elapsed[0.53m], Remain[5.00m]
Rank 0 >> val construction time:  0.11215353012084961
! solution size:  torch.Size([256, 1, 50])
Rank 0 >> val improvement time:  0.6354730129241943
episode 992/10000, Elapsed[0.55m], Remain[4.97m]
Rank 0 >> val construction time:  0.10563230514526367
! solution size:  torch.Size([256, 1, 50])
Rank 0 >> val improvement time:  0.6414573192596436
episode 1024/10000, Elapsed[0.56m], Remain[4.94m]
Rank 0 >> val construction time:  0.12305545806884766
! solution size:  torch.Size([256, 1, 50])
Rank 0 >> val improvement time:  0.6504051685333252
episode 1056/10000, Elapsed[0.58m], Remain[4.91m]
Rank 0 >> val construction time:  0.10651874542236328
! solution size:  torch.Size([256, 1, 50])
Rank 0 >> val improvement time:  0.6248254776000977
episode 1088/10000, Elapsed[0.60m], Remain[4.88m]
Rank 0 >> val construction time:  0.10901546478271484
! solution size:  torch.Size([256, 1, 50])
Rank 0 >> val improvement time:  0.6450643539428711
episode 1120/10000, Elapsed[0.61m], Remain[4.85m]
Rank 0 >> val construction time:  0.09505152702331543
! solution size:  torch.Size([256, 1, 50])
Rank 0 >> val improvement time:  0.6270694732666016
episode 1152/10000, Elapsed[0.63m], Remain[4.82m]
Rank 0 >> val construction time:  0.11950826644897461
! solution size:  torch.Size([256, 1, 50])
Rank 0 >> val improvement time:  0.6470947265625
episode 1184/10000, Elapsed[0.64m], Remain[4.80m]
Rank 0 >> val construction time:  0.15657424926757812
! solution size:  torch.Size([256, 1, 50])
Rank 0 >> val improvement time:  0.664621114730835
episode 1216/10000, Elapsed[0.66m], Remain[4.78m]
Rank 0 >> val construction time:  0.16151189804077148
! solution size:  torch.Size([256, 1, 50])
Rank 0 >> val improvement time:  0.6752440929412842
episode 1248/10000, Elapsed[0.68m], Remain[4.76m]
Rank 0 >> val construction time:  0.13373494148254395
! solution size:  torch.Size([256, 1, 50])
Rank 0 >> val improvement time:  0.6450588703155518
episode 1280/10000, Elapsed[0.70m], Remain[4.74m]
Rank 0 >> val construction time:  0.12755489349365234
! solution size:  torch.Size([256, 1, 50])
Rank 0 >> val improvement time:  0.65606689453125
episode 1312/10000, Elapsed[0.71m], Remain[4.72m]
Rank 0 >> val construction time:  0.0930013656616211
! solution size:  torch.Size([256, 1, 50])
Rank 0 >> val improvement time:  0.6720137596130371
episode 1344/10000, Elapsed[0.73m], Remain[4.70m]
Rank 0 >> val construction time:  0.10508370399475098
! solution size:  torch.Size([256, 1, 50])
Rank 0 >> val improvement time:  0.6381180286407471
episode 1376/10000, Elapsed[0.75m], Remain[4.67m]
Rank 0 >> val construction time:  0.12105655670166016
! solution size:  torch.Size([256, 1, 50])
Rank 0 >> val improvement time:  0.6451213359832764
episode 1408/10000, Elapsed[0.76m], Remain[4.65m]
Rank 0 >> val construction time:  0.11353611946105957
! solution size:  torch.Size([256, 1, 50])
Rank 0 >> val improvement time:  0.6677768230438232
episode 1440/10000, Elapsed[0.78m], Remain[4.63m]
Rank 0 >> val construction time:  0.09653043746948242
! solution size:  torch.Size([256, 1, 50])
Rank 0 >> val improvement time:  0.6320528984069824
episode 1472/10000, Elapsed[0.79m], Remain[4.60m]
Rank 0 >> val construction time:  0.09851336479187012
! solution size:  torch.Size([256, 1, 50])
Rank 0 >> val improvement time:  0.6495537757873535
episode 1504/10000, Elapsed[0.81m], Remain[4.58m]
Rank 0 >> val construction time:  0.11151576042175293
! solution size:  torch.Size([256, 1, 50])
Rank 0 >> val improvement time:  0.6360616683959961
episode 1536/10000, Elapsed[0.83m], Remain[4.55m]
Rank 0 >> val construction time:  0.1125185489654541
! solution size:  torch.Size([256, 1, 50])
Rank 0 >> val improvement time:  0.6520531177520752
episode 1568/10000, Elapsed[0.84m], Remain[4.53m]
Rank 0 >> val construction time:  0.14751410484313965
! solution size:  torch.Size([256, 1, 50])
Rank 0 >> val improvement time:  0.6755821704864502
episode 1600/10000, Elapsed[0.86m], Remain[4.52m]
Rank 0 >> val construction time:  0.10751080513000488
! solution size:  torch.Size([256, 1, 50])
Rank 0 >> val improvement time:  0.6545774936676025
episode 1632/10000, Elapsed[0.88m], Remain[4.50m]
Rank 0 >> val construction time:  0.12151432037353516
! solution size:  torch.Size([256, 1, 50])
Rank 0 >> val improvement time:  0.6702485084533691
episode 1664/10000, Elapsed[0.89m], Remain[4.48m]
Rank 0 >> val construction time:  0.11645984649658203
! solution size:  torch.Size([256, 1, 50])
Rank 0 >> val improvement time:  0.6381499767303467
episode 1696/10000, Elapsed[0.91m], Remain[4.46m]
Rank 0 >> val construction time:  0.10850071907043457
! solution size:  torch.Size([256, 1, 50])
Rank 0 >> val improvement time:  0.6512720584869385
episode 1728/10000, Elapsed[0.93m], Remain[4.44m]
Rank 0 >> val construction time:  0.1285102367401123
! solution size:  torch.Size([256, 1, 50])
Rank 0 >> val improvement time:  0.6626107692718506
episode 1760/10000, Elapsed[0.94m], Remain[4.42m]
Rank 0 >> val construction time:  0.1045076847076416
! solution size:  torch.Size([256, 1, 50])
Rank 0 >> val improvement time:  0.6405603885650635
episode 1792/10000, Elapsed[0.96m], Remain[4.40m]
Rank 0 >> val construction time:  0.10951495170593262
! solution size:  torch.Size([256, 1, 50])
Rank 0 >> val improvement time:  0.646784782409668
episode 1824/10000, Elapsed[0.98m], Remain[4.38m]
Rank 0 >> val construction time:  0.10851287841796875
! solution size:  torch.Size([256, 1, 50])
Rank 0 >> val improvement time:  0.6680524349212646
episode 1856/10000, Elapsed[0.99m], Remain[4.36m]
Rank 0 >> val construction time:  0.13588261604309082
! solution size:  torch.Size([256, 1, 50])
Rank 0 >> val improvement time:  0.6403040885925293
episode 1888/10000, Elapsed[1.01m], Remain[4.34m]
Rank 0 >> val construction time:  0.10351443290710449
! solution size:  torch.Size([256, 1, 50])
Rank 0 >> val improvement time:  0.6494853496551514
episode 1920/10000, Elapsed[1.03m], Remain[4.31m]
Rank 0 >> val construction time:  0.10051631927490234
! solution size:  torch.Size([256, 1, 50])
Rank 0 >> val improvement time:  0.6538810729980469
episode 1952/10000, Elapsed[1.04m], Remain[4.30m]
Rank 0 >> val construction time:  0.1256260871887207
! solution size:  torch.Size([256, 1, 50])
Rank 0 >> val improvement time:  0.6480140686035156
episode 1984/10000, Elapsed[1.06m], Remain[4.28m]
Rank 0 >> val construction time:  0.11581921577453613
! solution size:  torch.Size([256, 1, 50])
Rank 0 >> val improvement time:  0.6461741924285889
episode 2016/10000, Elapsed[1.08m], Remain[4.26m]
Rank 0 >> val construction time:  0.12451672554016113
! solution size:  torch.Size([256, 1, 50])
Rank 0 >> val improvement time:  0.6721980571746826
episode 2048/10000, Elapsed[1.09m], Remain[4.24m]
Rank 0 >> val construction time:  0.12895822525024414
! solution size:  torch.Size([256, 1, 50])
Rank 0 >> val improvement time:  0.695101261138916
episode 2080/10000, Elapsed[1.11m], Remain[4.22m]
Rank 0 >> val construction time:  0.11202025413513184
! solution size:  torch.Size([256, 1, 50])
Rank 0 >> val improvement time:  0.6478445529937744
episode 2112/10000, Elapsed[1.13m], Remain[4.20m]
Rank 0 >> val construction time:  0.10551762580871582
! solution size:  torch.Size([256, 1, 50])
Rank 0 >> val improvement time:  0.6639063358306885
episode 2144/10000, Elapsed[1.14m], Remain[4.18m]
Rank 0 >> val construction time:  0.10133814811706543
! solution size:  torch.Size([256, 1, 50])
Rank 0 >> val improvement time:  0.6583001613616943
episode 2176/10000, Elapsed[1.16m], Remain[4.17m]
Rank 0 >> val construction time:  0.10251760482788086
! solution size:  torch.Size([256, 1, 50])
Rank 0 >> val improvement time:  0.6421890258789062
episode 2208/10000, Elapsed[1.17m], Remain[4.15m]
Rank 0 >> val construction time:  0.11150908470153809
! solution size:  torch.Size([256, 1, 50])
Rank 0 >> val improvement time:  0.6726505756378174
episode 2240/10000, Elapsed[1.19m], Remain[4.13m]
Rank 0 >> val construction time:  0.1331024169921875
! solution size:  torch.Size([256, 1, 50])
Rank 0 >> val improvement time:  0.6459405422210693
episode 2272/10000, Elapsed[1.21m], Remain[4.11m]
Rank 0 >> val construction time:  0.10650944709777832
! solution size:  torch.Size([256, 1, 50])
Rank 0 >> val improvement time:  0.6350009441375732
episode 2304/10000, Elapsed[1.23m], Remain[4.09m]
Rank 0 >> val construction time:  0.11016201972961426
! solution size:  torch.Size([256, 1, 50])
Rank 0 >> val improvement time:  0.6290302276611328
episode 2336/10000, Elapsed[1.24m], Remain[4.07m]
Rank 0 >> val construction time:  0.10850834846496582
! solution size:  torch.Size([256, 1, 50])
Rank 0 >> val improvement time:  0.6347317695617676
episode 2368/10000, Elapsed[1.26m], Remain[4.05m]
Rank 0 >> val construction time:  0.1319124698638916
! solution size:  torch.Size([256, 1, 50])
Rank 0 >> val improvement time:  0.6324660778045654
episode 2400/10000, Elapsed[1.27m], Remain[4.03m]
Rank 0 >> val construction time:  0.11659979820251465
! solution size:  torch.Size([256, 1, 50])
Rank 0 >> val improvement time:  0.6624138355255127
episode 2432/10000, Elapsed[1.29m], Remain[4.02m]
Rank 0 >> val construction time:  0.13002514839172363
! solution size:  torch.Size([256, 1, 50])
Rank 0 >> val improvement time:  0.6580603122711182
episode 2464/10000, Elapsed[1.31m], Remain[4.00m]
Rank 0 >> val construction time:  0.13351726531982422
! solution size:  torch.Size([256, 1, 50])
Rank 0 >> val improvement time:  0.6845748424530029
episode 2496/10000, Elapsed[1.33m], Remain[3.98m]
Rank 0 >> val construction time:  0.1115121841430664
! solution size:  torch.Size([256, 1, 50])
Rank 0 >> val improvement time:  0.6535789966583252
episode 2528/10000, Elapsed[1.34m], Remain[3.97m]
Rank 0 >> val construction time:  0.10851120948791504
! solution size:  torch.Size([256, 1, 50])
Rank 0 >> val improvement time:  0.6187987327575684
episode 2560/10000, Elapsed[1.36m], Remain[3.95m]
Rank 0 >> val construction time:  0.11350750923156738
! solution size:  torch.Size([256, 1, 50])
Rank 0 >> val improvement time:  0.6620688438415527
episode 2592/10000, Elapsed[1.37m], Remain[3.93m]
Rank 0 >> val construction time:  0.10350799560546875
! solution size:  torch.Size([256, 1, 50])
Rank 0 >> val improvement time:  0.6370506286621094
episode 2624/10000, Elapsed[1.39m], Remain[3.91m]
Rank 0 >> val construction time:  0.10850787162780762
! solution size:  torch.Size([256, 1, 50])
Rank 0 >> val improvement time:  0.6495790481567383
episode 2656/10000, Elapsed[1.41m], Remain[3.89m]
Rank 0 >> val construction time:  0.09844970703125
! solution size:  torch.Size([256, 1, 50])
Rank 0 >> val improvement time:  0.6410677433013916
episode 2688/10000, Elapsed[1.42m], Remain[3.87m]
Rank 0 >> val construction time:  0.11359381675720215
! solution size:  torch.Size([256, 1, 50])
Rank 0 >> val improvement time:  0.6603496074676514
episode 2720/10000, Elapsed[1.44m], Remain[3.85m]
Rank 0 >> val construction time:  0.11248612403869629
! solution size:  torch.Size([256, 1, 50])
Rank 0 >> val improvement time:  0.646568775177002
episode 2752/10000, Elapsed[1.46m], Remain[3.83m]
Rank 0 >> val construction time:  0.11250948905944824
! solution size:  torch.Size([256, 1, 50])
Rank 0 >> val improvement time:  0.6280674934387207
episode 2784/10000, Elapsed[1.47m], Remain[3.81m]
Rank 0 >> val construction time:  0.13205575942993164
! solution size:  torch.Size([256, 1, 50])
Rank 0 >> val improvement time:  0.6676568984985352
episode 2816/10000, Elapsed[1.49m], Remain[3.80m]
Rank 0 >> val construction time:  0.14712786674499512
! solution size:  torch.Size([256, 1, 50])
Rank 0 >> val improvement time:  0.6895813941955566
episode 2848/10000, Elapsed[1.51m], Remain[3.78m]
Rank 0 >> val construction time:  0.11127161979675293
! solution size:  torch.Size([256, 1, 50])
Rank 0 >> val improvement time:  0.6468517780303955
episode 2880/10000, Elapsed[1.52m], Remain[3.76m]
Rank 0 >> val construction time:  0.1186518669128418
! solution size:  torch.Size([256, 1, 50])
Rank 0 >> val improvement time:  0.6516923904418945
episode 2912/10000, Elapsed[1.54m], Remain[3.75m]
Rank 0 >> val construction time:  0.13504672050476074
! solution size:  torch.Size([256, 1, 50])
Rank 0 >> val improvement time:  0.6535406112670898
episode 2944/10000, Elapsed[1.56m], Remain[3.73m]
Rank 0 >> val construction time:  0.09849214553833008
! solution size:  torch.Size([256, 1, 50])
Rank 0 >> val improvement time:  0.6418797969818115
episode 2976/10000, Elapsed[1.57m], Remain[3.71m]
Rank 0 >> val construction time:  0.1256115436553955
! solution size:  torch.Size([256, 1, 50])
Rank 0 >> val improvement time:  0.6580686569213867
episode 3008/10000, Elapsed[1.59m], Remain[3.69m]
Rank 0 >> val construction time:  0.10551095008850098
! solution size:  torch.Size([256, 1, 50])
Rank 0 >> val improvement time:  0.6545679569244385
episode 3040/10000, Elapsed[1.61m], Remain[3.68m]
Rank 0 >> val construction time:  0.1289503574371338
! solution size:  torch.Size([256, 1, 50])
Rank 0 >> val improvement time:  0.6420657634735107
episode 3072/10000, Elapsed[1.62m], Remain[3.66m]
Rank 0 >> val construction time:  0.11451005935668945
! solution size:  torch.Size([256, 1, 50])
Rank 0 >> val improvement time:  0.6466991901397705
episode 3104/10000, Elapsed[1.64m], Remain[3.64m]
Rank 0 >> val construction time:  0.10050797462463379
! solution size:  torch.Size([256, 1, 50])
Rank 0 >> val improvement time:  0.6352314949035645
episode 3136/10000, Elapsed[1.65m], Remain[3.62m]
Rank 0 >> val construction time:  0.1477196216583252
! solution size:  torch.Size([256, 1, 50])
Rank 0 >> val improvement time:  0.6473231315612793
episode 3168/10000, Elapsed[1.67m], Remain[3.61m]
Rank 0 >> val construction time:  0.13351655006408691
! solution size:  torch.Size([256, 1, 50])
Rank 0 >> val improvement time:  0.6475784778594971
episode 3200/10000, Elapsed[1.69m], Remain[3.59m]
Rank 0 >> val construction time:  0.09202790260314941
! solution size:  torch.Size([256, 1, 50])
Rank 0 >> val improvement time:  0.6350579261779785
episode 3232/10000, Elapsed[1.70m], Remain[3.57m]
Rank 0 >> val construction time:  0.15351271629333496
! solution size:  torch.Size([256, 1, 50])
Rank 0 >> val improvement time:  0.6698756217956543
episode 3264/10000, Elapsed[1.72m], Remain[3.55m]
Rank 0 >> val construction time:  0.10866546630859375
! solution size:  torch.Size([256, 1, 50])
Rank 0 >> val improvement time:  0.6200587749481201
episode 3296/10000, Elapsed[1.74m], Remain[3.54m]
Rank 0 >> val construction time:  0.12051844596862793
! solution size:  torch.Size([256, 1, 50])
Rank 0 >> val improvement time:  0.6230700016021729
episode 3328/10000, Elapsed[1.75m], Remain[3.52m]
Rank 0 >> val construction time:  0.11251139640808105
! solution size:  torch.Size([256, 1, 50])
Rank 0 >> val improvement time:  0.6550779342651367
episode 3360/10000, Elapsed[1.77m], Remain[3.50m]
Rank 0 >> val construction time:  0.13459277153015137
! solution size:  torch.Size([256, 1, 50])
Rank 0 >> val improvement time:  0.6886091232299805
episode 3392/10000, Elapsed[1.79m], Remain[3.48m]
Rank 0 >> val construction time:  0.10776162147521973
! solution size:  torch.Size([256, 1, 50])
Rank 0 >> val improvement time:  0.6427977085113525
episode 3424/10000, Elapsed[1.80m], Remain[3.47m]
Rank 0 >> val construction time:  0.12929153442382812
! solution size:  torch.Size([256, 1, 50])
Rank 0 >> val improvement time:  0.7197544574737549
episode 3456/10000, Elapsed[1.82m], Remain[3.45m]
Rank 0 >> val construction time:  0.10456323623657227
! solution size:  torch.Size([256, 1, 50])
Rank 0 >> val improvement time:  0.6010599136352539
episode 3488/10000, Elapsed[1.84m], Remain[3.43m]
Rank 0 >> val construction time:  0.11614203453063965
! solution size:  torch.Size([256, 1, 50])
Rank 0 >> val improvement time:  0.6559181213378906
episode 3520/10000, Elapsed[1.86m], Remain[3.42m]
Rank 0 >> val construction time:  0.16251420974731445
! solution size:  torch.Size([256, 1, 50])
Rank 0 >> val improvement time:  0.8229382038116455
episode 3552/10000, Elapsed[1.88m], Remain[3.41m]
Rank 0 >> val construction time:  0.1095116138458252
! solution size:  torch.Size([256, 1, 50])
Rank 0 >> val improvement time:  0.6413302421569824
episode 3584/10000, Elapsed[1.89m], Remain[3.39m]
Rank 0 >> val construction time:  0.14589881896972656
! solution size:  torch.Size([256, 1, 50])
Rank 0 >> val improvement time:  0.6640534400939941
episode 3616/10000, Elapsed[1.91m], Remain[3.37m]
Rank 0 >> val construction time:  0.13511133193969727
! solution size:  torch.Size([256, 1, 50])
Rank 0 >> val improvement time:  0.6550192832946777
episode 3648/10000, Elapsed[1.93m], Remain[3.36m]
Rank 0 >> val construction time:  0.10551595687866211
! solution size:  torch.Size([256, 1, 50])
Rank 0 >> val improvement time:  0.794562816619873
episode 3680/10000, Elapsed[1.95m], Remain[3.34m]
Rank 0 >> val construction time:  0.11251139640808105
! solution size:  torch.Size([256, 1, 50])
Rank 0 >> val improvement time:  0.7745785713195801
episode 3712/10000, Elapsed[1.97m], Remain[3.33m]
Rank 0 >> val construction time:  0.11351728439331055
! solution size:  torch.Size([256, 1, 50])
Rank 0 >> val improvement time:  0.6597764492034912
episode 3744/10000, Elapsed[1.98m], Remain[3.31m]
Rank 0 >> val construction time:  0.10151433944702148
! solution size:  torch.Size([256, 1, 50])
Rank 0 >> val improvement time:  0.8118326663970947
episode 3776/10000, Elapsed[2.00m], Remain[3.30m]
Rank 0 >> val construction time:  0.11152935028076172
! solution size:  torch.Size([256, 1, 50])
Rank 0 >> val improvement time:  0.6583473682403564
episode 3808/10000, Elapsed[2.02m], Remain[3.28m]
Rank 0 >> val construction time:  0.10651755332946777
! solution size:  torch.Size([256, 1, 50])
Rank 0 >> val improvement time:  0.646090030670166
episode 3840/10000, Elapsed[2.03m], Remain[3.26m]
Rank 0 >> val construction time:  0.11051821708679199
! solution size:  torch.Size([256, 1, 50])
Rank 0 >> val improvement time:  0.6925687789916992
episode 3872/10000, Elapsed[2.05m], Remain[3.25m]
Rank 0 >> val construction time:  0.09751677513122559
! solution size:  torch.Size([256, 1, 50])
Rank 0 >> val improvement time:  0.6270546913146973
episode 3904/10000, Elapsed[2.07m], Remain[3.23m]
Rank 0 >> val construction time:  0.15253162384033203
! solution size:  torch.Size([256, 1, 50])
Rank 0 >> val improvement time:  0.8036744594573975
episode 3936/10000, Elapsed[2.09m], Remain[3.22m]
Rank 0 >> val construction time:  0.13309264183044434
! solution size:  torch.Size([256, 1, 50])
Rank 0 >> val improvement time:  0.6596846580505371
episode 3968/10000, Elapsed[2.11m], Remain[3.20m]
Rank 0 >> val construction time:  0.16651678085327148
! solution size:  torch.Size([256, 1, 50])
Rank 0 >> val improvement time:  0.8165953159332275
episode 4000/10000, Elapsed[2.13m], Remain[3.19m]
Rank 0 >> val construction time:  0.1650257110595703
! solution size:  torch.Size([256, 1, 50])
Rank 0 >> val improvement time:  0.6605110168457031
episode 4032/10000, Elapsed[2.15m], Remain[3.18m]
Rank 0 >> val construction time:  0.1785128116607666
! solution size:  torch.Size([256, 1, 50])
Rank 0 >> val improvement time:  0.6675858497619629
episode 4064/10000, Elapsed[2.16m], Remain[3.16m]
Rank 0 >> val construction time:  0.12004446983337402
! solution size:  torch.Size([256, 1, 50])
Rank 0 >> val improvement time:  0.8326106071472168
episode 4096/10000, Elapsed[2.18m], Remain[3.15m]
Rank 0 >> val construction time:  0.10450983047485352
! solution size:  torch.Size([256, 1, 50])
Rank 0 >> val improvement time:  0.7415056228637695
episode 4128/10000, Elapsed[2.20m], Remain[3.13m]
Rank 0 >> val construction time:  0.12031984329223633
! solution size:  torch.Size([256, 1, 50])
Rank 0 >> val improvement time:  0.6465718746185303
episode 4160/10000, Elapsed[2.22m], Remain[3.11m]
Rank 0 >> val construction time:  0.10351300239562988
! solution size:  torch.Size([256, 1, 50])
Rank 0 >> val improvement time:  0.7465660572052002
episode 4192/10000, Elapsed[2.24m], Remain[3.10m]
Rank 0 >> val construction time:  0.1265277862548828
! solution size:  torch.Size([256, 1, 50])
Rank 0 >> val improvement time:  0.698378324508667
episode 4224/10000, Elapsed[2.25m], Remain[3.08m]
Rank 0 >> val construction time:  0.13202404975891113
! solution size:  torch.Size([256, 1, 50])
Rank 0 >> val improvement time:  0.6450750827789307
episode 4256/10000, Elapsed[2.27m], Remain[3.07m]
Rank 0 >> val construction time:  0.14203310012817383
! solution size:  torch.Size([256, 1, 50])
Rank 0 >> val improvement time:  0.6475973129272461
episode 4288/10000, Elapsed[2.29m], Remain[3.05m]
Rank 0 >> val construction time:  0.13002991676330566
! solution size:  torch.Size([256, 1, 50])
Rank 0 >> val improvement time:  0.7930748462677002
episode 4320/10000, Elapsed[2.31m], Remain[3.04m]
Rank 0 >> val construction time:  0.13104987144470215
! solution size:  torch.Size([256, 1, 50])
Rank 0 >> val improvement time:  0.7025771141052246
episode 4352/10000, Elapsed[2.33m], Remain[3.02m]
Rank 0 >> val construction time:  0.16202020645141602
! solution size:  torch.Size([256, 1, 50])
Rank 0 >> val improvement time:  0.7295699119567871
episode 4384/10000, Elapsed[2.35m], Remain[3.01m]
Rank 0 >> val construction time:  0.16251754760742188
! solution size:  torch.Size([256, 1, 50])
Rank 0 >> val improvement time:  0.673943042755127
episode 4416/10000, Elapsed[2.36m], Remain[2.99m]
Rank 0 >> val construction time:  0.16565656661987305
! solution size:  torch.Size([256, 1, 50])
Rank 0 >> val improvement time:  0.8632011413574219
episode 4448/10000, Elapsed[2.39m], Remain[2.98m]
Rank 0 >> val construction time:  0.11609673500061035
! solution size:  torch.Size([256, 1, 50])
Rank 0 >> val improvement time:  0.7772924900054932
episode 4480/10000, Elapsed[2.41m], Remain[2.96m]
Rank 0 >> val construction time:  0.1025078296661377
! solution size:  torch.Size([256, 1, 50])
Rank 0 >> val improvement time:  0.6871557235717773
episode 4512/10000, Elapsed[2.42m], Remain[2.95m]
Rank 0 >> val construction time:  0.11635994911193848
! solution size:  torch.Size([256, 1, 50])
Rank 0 >> val improvement time:  0.6584987640380859
episode 4544/10000, Elapsed[2.44m], Remain[2.93m]
Rank 0 >> val construction time:  0.10378456115722656
! solution size:  torch.Size([256, 1, 50])
Rank 0 >> val improvement time:  0.6374640464782715
episode 4576/10000, Elapsed[2.46m], Remain[2.91m]
Rank 0 >> val construction time:  0.10551810264587402
! solution size:  torch.Size([256, 1, 50])
Rank 0 >> val improvement time:  0.6422488689422607
episode 4608/10000, Elapsed[2.47m], Remain[2.89m]
Rank 0 >> val construction time:  0.12351202964782715
! solution size:  torch.Size([256, 1, 50])
Rank 0 >> val improvement time:  0.6519150733947754
episode 4640/10000, Elapsed[2.49m], Remain[2.88m]
Rank 0 >> val construction time:  0.11534404754638672
! solution size:  torch.Size([256, 1, 50])
Rank 0 >> val improvement time:  0.6881163120269775
episode 4672/10000, Elapsed[2.51m], Remain[2.86m]
Rank 0 >> val construction time:  0.13051295280456543
! solution size:  torch.Size([256, 1, 50])
Rank 0 >> val improvement time:  0.6361570358276367
episode 4704/10000, Elapsed[2.52m], Remain[2.84m]
Rank 0 >> val construction time:  0.15408825874328613
! solution size:  torch.Size([256, 1, 50])
Rank 0 >> val improvement time:  0.6612975597381592
episode 4736/10000, Elapsed[2.54m], Remain[2.82m]
Rank 0 >> val construction time:  0.1955399513244629
! solution size:  torch.Size([256, 1, 50])
Rank 0 >> val improvement time:  0.6598727703094482
episode 4768/10000, Elapsed[2.56m], Remain[2.81m]
Rank 0 >> val construction time:  0.10851359367370605
! solution size:  torch.Size([256, 1, 50])
Rank 0 >> val improvement time:  0.6724696159362793
episode 4800/10000, Elapsed[2.58m], Remain[2.79m]
Rank 0 >> val construction time:  0.1220238208770752
! solution size:  torch.Size([256, 1, 50])
Rank 0 >> val improvement time:  0.6801369190216064
episode 4832/10000, Elapsed[2.59m], Remain[2.77m]
Rank 0 >> val construction time:  0.10240674018859863
! solution size:  torch.Size([256, 1, 50])
Rank 0 >> val improvement time:  0.7585892677307129
episode 4864/10000, Elapsed[2.61m], Remain[2.76m]
Rank 0 >> val construction time:  0.12328791618347168
! solution size:  torch.Size([256, 1, 50])
Rank 0 >> val improvement time:  0.6492972373962402
episode 4896/10000, Elapsed[2.63m], Remain[2.74m]
Rank 0 >> val construction time:  0.12282180786132812
! solution size:  torch.Size([256, 1, 50])
Rank 0 >> val improvement time:  0.6474525928497314
episode 4928/10000, Elapsed[2.65m], Remain[2.72m]
Rank 0 >> val construction time:  0.11085915565490723
! solution size:  torch.Size([256, 1, 50])
Rank 0 >> val improvement time:  0.7524123191833496
episode 4960/10000, Elapsed[2.66m], Remain[2.71m]
Rank 0 >> val construction time:  0.12051272392272949
! solution size:  torch.Size([256, 1, 50])
Rank 0 >> val improvement time:  0.6286733150482178
episode 4992/10000, Elapsed[2.68m], Remain[2.69m]
Rank 0 >> val construction time:  0.1075139045715332
! solution size:  torch.Size([256, 1, 50])
Rank 0 >> val improvement time:  0.6250748634338379
episode 5024/10000, Elapsed[2.70m], Remain[2.67m]
Rank 0 >> val construction time:  0.1870269775390625
! solution size:  torch.Size([256, 1, 50])
Rank 0 >> val improvement time:  0.6815636157989502
episode 5056/10000, Elapsed[2.71m], Remain[2.65m]
Rank 0 >> val construction time:  0.1533050537109375
! solution size:  torch.Size([256, 1, 50])
Rank 0 >> val improvement time:  0.6817672252655029
episode 5088/10000, Elapsed[2.73m], Remain[2.64m]
Rank 0 >> val construction time:  0.15559077262878418
! solution size:  torch.Size([256, 1, 50])
Rank 0 >> val improvement time:  0.8330826759338379
episode 5120/10000, Elapsed[2.75m], Remain[2.62m]
Rank 0 >> val construction time:  0.1475214958190918
! solution size:  torch.Size([256, 1, 50])
Rank 0 >> val improvement time:  0.6907567977905273
episode 5152/10000, Elapsed[2.77m], Remain[2.61m]
Rank 0 >> val construction time:  0.10651254653930664
! solution size:  torch.Size([256, 1, 50])
Rank 0 >> val improvement time:  0.6630716323852539
episode 5184/10000, Elapsed[2.79m], Remain[2.59m]
Rank 0 >> val construction time:  0.12362909317016602
! solution size:  torch.Size([256, 1, 50])
Rank 0 >> val improvement time:  0.6865661144256592
episode 5216/10000, Elapsed[2.80m], Remain[2.57m]
Rank 0 >> val construction time:  0.10451626777648926
! solution size:  torch.Size([256, 1, 50])
Rank 0 >> val improvement time:  0.713036060333252
episode 5248/10000, Elapsed[2.82m], Remain[2.55m]
Rank 0 >> val construction time:  0.10751700401306152
! solution size:  torch.Size([256, 1, 50])
Rank 0 >> val improvement time:  0.6498591899871826
episode 5280/10000, Elapsed[2.84m], Remain[2.54m]
Rank 0 >> val construction time:  0.11851286888122559
! solution size:  torch.Size([256, 1, 50])
Rank 0 >> val improvement time:  0.743009090423584
episode 5312/10000, Elapsed[2.86m], Remain[2.52m]
Rank 0 >> val construction time:  0.11321234703063965
! solution size:  torch.Size([256, 1, 50])
Rank 0 >> val improvement time:  0.7562582492828369
episode 5344/10000, Elapsed[2.87m], Remain[2.50m]
Rank 0 >> val construction time:  0.09936833381652832
! solution size:  torch.Size([256, 1, 50])
Rank 0 >> val improvement time:  0.8261163234710693
episode 5376/10000, Elapsed[2.89m], Remain[2.49m]
Rank 0 >> val construction time:  0.1378648281097412
! solution size:  torch.Size([256, 1, 50])
Rank 0 >> val improvement time:  0.8553025722503662
episode 5408/10000, Elapsed[2.91m], Remain[2.47m]
Rank 0 >> val construction time:  0.11867427825927734
! solution size:  torch.Size([256, 1, 50])
Rank 0 >> val improvement time:  0.6359043121337891
episode 5440/10000, Elapsed[2.93m], Remain[2.46m]
Rank 0 >> val construction time:  0.11158347129821777
! solution size:  torch.Size([256, 1, 50])
Rank 0 >> val improvement time:  0.6345779895782471
episode 5472/10000, Elapsed[2.95m], Remain[2.44m]
Rank 0 >> val construction time:  0.09451746940612793
! solution size:  torch.Size([256, 1, 50])
Rank 0 >> val improvement time:  0.6550486087799072
episode 5504/10000, Elapsed[2.96m], Remain[2.42m]
Rank 0 >> val construction time:  0.12251520156860352
! solution size:  torch.Size([256, 1, 50])
Rank 0 >> val improvement time:  0.646552324295044
episode 5536/10000, Elapsed[2.98m], Remain[2.40m]
Rank 0 >> val construction time:  0.10759139060974121
! solution size:  torch.Size([256, 1, 50])
Rank 0 >> val improvement time:  0.8360655307769775
episode 5568/10000, Elapsed[3.00m], Remain[2.39m]
Rank 0 >> val construction time:  0.11951637268066406
! solution size:  torch.Size([256, 1, 50])
Rank 0 >> val improvement time:  0.658578634262085
episode 5600/10000, Elapsed[3.02m], Remain[2.37m]
Rank 0 >> val construction time:  0.10851645469665527
! solution size:  torch.Size([256, 1, 50])
Rank 0 >> val improvement time:  0.6300473213195801
episode 5632/10000, Elapsed[3.03m], Remain[2.35m]
Rank 0 >> val construction time:  0.11051535606384277
! solution size:  torch.Size([256, 1, 50])
Rank 0 >> val improvement time:  0.7845416069030762
episode 5664/10000, Elapsed[3.05m], Remain[2.34m]
Rank 0 >> val construction time:  0.11506104469299316
! solution size:  torch.Size([256, 1, 50])
Rank 0 >> val improvement time:  0.7295775413513184
episode 5696/10000, Elapsed[3.07m], Remain[2.32m]
Rank 0 >> val construction time:  0.12151765823364258
! solution size:  torch.Size([256, 1, 50])
Rank 0 >> val improvement time:  0.7515666484832764
episode 5728/10000, Elapsed[3.09m], Remain[2.30m]
Rank 0 >> val construction time:  0.15169405937194824
! solution size:  torch.Size([256, 1, 50])
Rank 0 >> val improvement time:  0.8420586585998535
episode 5760/10000, Elapsed[3.11m], Remain[2.29m]
Rank 0 >> val construction time:  0.12204957008361816
! solution size:  torch.Size([256, 1, 50])
Rank 0 >> val improvement time:  0.6835348606109619
episode 5792/10000, Elapsed[3.13m], Remain[2.27m]
Rank 0 >> val construction time:  0.11051154136657715
! solution size:  torch.Size([256, 1, 50])
Rank 0 >> val improvement time:  0.6430692672729492
episode 5824/10000, Elapsed[3.14m], Remain[2.25m]
Rank 0 >> val construction time:  0.13151073455810547
! solution size:  torch.Size([256, 1, 50])
Rank 0 >> val improvement time:  0.7736198902130127
episode 5856/10000, Elapsed[3.16m], Remain[2.24m]
Rank 0 >> val construction time:  0.15167927742004395
! solution size:  torch.Size([256, 1, 50])
Rank 0 >> val improvement time:  0.673720121383667
episode 5888/10000, Elapsed[3.18m], Remain[2.22m]
Rank 0 >> val construction time:  0.1284174919128418
! solution size:  torch.Size([256, 1, 50])
Rank 0 >> val improvement time:  0.6524097919464111
episode 5920/10000, Elapsed[3.20m], Remain[2.20m]
Rank 0 >> val construction time:  0.10550713539123535
! solution size:  torch.Size([256, 1, 50])
Rank 0 >> val improvement time:  0.6481988430023193
episode 5952/10000, Elapsed[3.21m], Remain[2.19m]
Rank 0 >> val construction time:  0.1225123405456543
! solution size:  torch.Size([256, 1, 50])
Rank 0 >> val improvement time:  0.8137192726135254
episode 5984/10000, Elapsed[3.23m], Remain[2.17m]
Rank 0 >> val construction time:  0.10851478576660156
! solution size:  torch.Size([256, 1, 50])
Rank 0 >> val improvement time:  0.6469786167144775
episode 6016/10000, Elapsed[3.25m], Remain[2.15m]
Rank 0 >> val construction time:  0.11644506454467773
! solution size:  torch.Size([256, 1, 50])
Rank 0 >> val improvement time:  0.7345588207244873
episode 6048/10000, Elapsed[3.27m], Remain[2.14m]
Rank 0 >> val construction time:  0.13004398345947266
! solution size:  torch.Size([256, 1, 50])
Rank 0 >> val improvement time:  0.6544017791748047
episode 6080/10000, Elapsed[3.29m], Remain[2.12m]
Rank 0 >> val construction time:  0.1240229606628418
! solution size:  torch.Size([256, 1, 50])
Rank 0 >> val improvement time:  0.6604397296905518
episode 6112/10000, Elapsed[3.30m], Remain[2.10m]
Rank 0 >> val construction time:  0.15366268157958984
! solution size:  torch.Size([256, 1, 50])
Rank 0 >> val improvement time:  0.6832494735717773
episode 6144/10000, Elapsed[3.32m], Remain[2.08m]
Rank 0 >> val construction time:  0.15251755714416504
! solution size:  torch.Size([256, 1, 50])
Rank 0 >> val improvement time:  0.6802082061767578
episode 6176/10000, Elapsed[3.34m], Remain[2.07m]
Rank 0 >> val construction time:  0.10752725601196289
! solution size:  torch.Size([256, 1, 50])
Rank 0 >> val improvement time:  0.6695132255554199
episode 6208/10000, Elapsed[3.35m], Remain[2.05m]
Rank 0 >> val construction time:  0.11053061485290527
! solution size:  torch.Size([256, 1, 50])
Rank 0 >> val improvement time:  0.6764326095581055
episode 6240/10000, Elapsed[3.37m], Remain[2.03m]
Rank 0 >> val construction time:  0.12888503074645996
! solution size:  torch.Size([256, 1, 50])
Rank 0 >> val improvement time:  0.6510927677154541
episode 6272/10000, Elapsed[3.39m], Remain[2.01m]
Rank 0 >> val construction time:  0.17873549461364746
! solution size:  torch.Size([256, 1, 50])
Rank 0 >> val improvement time:  0.750032901763916
episode 6304/10000, Elapsed[3.41m], Remain[2.00m]
Rank 0 >> val construction time:  0.1105198860168457
! solution size:  torch.Size([256, 1, 50])
Rank 0 >> val improvement time:  0.7036056518554688
episode 6336/10000, Elapsed[3.43m], Remain[1.98m]
Rank 0 >> val construction time:  0.12108778953552246
! solution size:  torch.Size([256, 1, 50])
Rank 0 >> val improvement time:  0.6596572399139404
episode 6368/10000, Elapsed[3.44m], Remain[1.96m]
Rank 0 >> val construction time:  0.12102937698364258
! solution size:  torch.Size([256, 1, 50])
Rank 0 >> val improvement time:  0.6443963050842285
episode 6400/10000, Elapsed[3.46m], Remain[1.95m]
Rank 0 >> val construction time:  0.10408306121826172
! solution size:  torch.Size([256, 1, 50])
Rank 0 >> val improvement time:  0.6832776069641113
episode 6432/10000, Elapsed[3.48m], Remain[1.93m]
Rank 0 >> val construction time:  0.12066388130187988
! solution size:  torch.Size([256, 1, 50])
Rank 0 >> val improvement time:  0.6640579700469971
episode 6464/10000, Elapsed[3.50m], Remain[1.91m]
Rank 0 >> val construction time:  0.10851383209228516
! solution size:  torch.Size([256, 1, 50])
Rank 0 >> val improvement time:  0.6580619812011719
episode 6496/10000, Elapsed[3.51m], Remain[1.89m]
Rank 0 >> val construction time:  0.10150980949401855
! solution size:  torch.Size([256, 1, 50])
Rank 0 >> val improvement time:  0.6328294277191162
episode 6528/10000, Elapsed[3.53m], Remain[1.88m]
Rank 0 >> val construction time:  0.16202211380004883
! solution size:  torch.Size([256, 1, 50])
Rank 0 >> val improvement time:  0.636577844619751
episode 6560/10000, Elapsed[3.55m], Remain[1.86m]
Rank 0 >> val construction time:  0.09950852394104004
! solution size:  torch.Size([256, 1, 50])
Rank 0 >> val improvement time:  0.7569296360015869
episode 6592/10000, Elapsed[3.56m], Remain[1.84m]
Rank 0 >> val construction time:  0.1563880443572998
! solution size:  torch.Size([256, 1, 50])
Rank 0 >> val improvement time:  0.7328348159790039
episode 6624/10000, Elapsed[3.58m], Remain[1.83m]
Rank 0 >> val construction time:  0.10715603828430176
! solution size:  torch.Size([256, 1, 50])
Rank 0 >> val improvement time:  0.8690762519836426
episode 6656/10000, Elapsed[3.60m], Remain[1.81m]
Rank 0 >> val construction time:  0.1103670597076416
! solution size:  torch.Size([256, 1, 50])
Rank 0 >> val improvement time:  0.6240570545196533
episode 6688/10000, Elapsed[3.62m], Remain[1.79m]
Rank 0 >> val construction time:  0.10251283645629883
! solution size:  torch.Size([256, 1, 50])
Rank 0 >> val improvement time:  0.6523680686950684
episode 6720/10000, Elapsed[3.63m], Remain[1.77m]
Rank 0 >> val construction time:  0.11051726341247559
! solution size:  torch.Size([256, 1, 50])
Rank 0 >> val improvement time:  0.6775538921356201
episode 6752/10000, Elapsed[3.65m], Remain[1.76m]
Rank 0 >> val construction time:  0.12414383888244629
! solution size:  torch.Size([256, 1, 50])
Rank 0 >> val improvement time:  0.6725659370422363
episode 6784/10000, Elapsed[3.67m], Remain[1.74m]
Rank 0 >> val construction time:  0.1225130558013916
! solution size:  torch.Size([256, 1, 50])
Rank 0 >> val improvement time:  0.8650979995727539
episode 6816/10000, Elapsed[3.69m], Remain[1.72m]
Rank 0 >> val construction time:  0.1232442855834961
! solution size:  torch.Size([256, 1, 50])
Rank 0 >> val improvement time:  0.667560338973999
episode 6848/10000, Elapsed[3.71m], Remain[1.71m]
Rank 0 >> val construction time:  0.13602590560913086
! solution size:  torch.Size([256, 1, 50])
Rank 0 >> val improvement time:  0.6989624500274658
episode 6880/10000, Elapsed[3.72m], Remain[1.69m]
Rank 0 >> val construction time:  0.16716337203979492
! solution size:  torch.Size([256, 1, 50])
Rank 0 >> val improvement time:  0.7045533657073975
episode 6912/10000, Elapsed[3.74m], Remain[1.67m]
Rank 0 >> val construction time:  0.12251543998718262
! solution size:  torch.Size([256, 1, 50])
Rank 0 >> val improvement time:  0.7255630493164062
episode 6944/10000, Elapsed[3.76m], Remain[1.66m]
Rank 0 >> val construction time:  0.13404154777526855
! solution size:  torch.Size([256, 1, 50])
Rank 0 >> val improvement time:  0.7205612659454346
episode 6976/10000, Elapsed[3.78m], Remain[1.64m]
Rank 0 >> val construction time:  0.14011812210083008
! solution size:  torch.Size([256, 1, 50])
Rank 0 >> val improvement time:  0.6770708560943604
episode 7008/10000, Elapsed[3.80m], Remain[1.62m]
Rank 0 >> val construction time:  0.15951776504516602
! solution size:  torch.Size([256, 1, 50])
Rank 0 >> val improvement time:  0.6415801048278809
episode 7040/10000, Elapsed[3.82m], Remain[1.60m]
Rank 0 >> val construction time:  0.0975179672241211
! solution size:  torch.Size([256, 1, 50])
Rank 0 >> val improvement time:  0.6560547351837158
episode 7072/10000, Elapsed[3.83m], Remain[1.59m]
Rank 0 >> val construction time:  0.11870861053466797
! solution size:  torch.Size([256, 1, 50])
Rank 0 >> val improvement time:  0.6520559787750244
episode 7104/10000, Elapsed[3.85m], Remain[1.57m]
Rank 0 >> val construction time:  0.1120154857635498
! solution size:  torch.Size([256, 1, 50])
Rank 0 >> val improvement time:  0.7340610027313232
episode 7136/10000, Elapsed[3.87m], Remain[1.55m]
Rank 0 >> val construction time:  0.1300036907196045
! solution size:  torch.Size([256, 1, 50])
Rank 0 >> val improvement time:  0.8343768119812012
episode 7168/10000, Elapsed[3.89m], Remain[1.54m]
Rank 0 >> val construction time:  0.10659527778625488
! solution size:  torch.Size([256, 1, 50])
Rank 0 >> val improvement time:  0.8190920352935791
episode 7200/10000, Elapsed[3.90m], Remain[1.52m]
Rank 0 >> val construction time:  0.1060338020324707
! solution size:  torch.Size([256, 1, 50])
Rank 0 >> val improvement time:  0.652569055557251
episode 7232/10000, Elapsed[3.92m], Remain[1.50m]
Rank 0 >> val construction time:  0.12461519241333008
! solution size:  torch.Size([256, 1, 50])
Rank 0 >> val improvement time:  0.8583955764770508
episode 7264/10000, Elapsed[3.94m], Remain[1.48m]
Rank 0 >> val construction time:  0.11665630340576172
! solution size:  torch.Size([256, 1, 50])
Rank 0 >> val improvement time:  0.6500647068023682
episode 7296/10000, Elapsed[3.96m], Remain[1.47m]
Rank 0 >> val construction time:  0.11151266098022461
! solution size:  torch.Size([256, 1, 50])
Rank 0 >> val improvement time:  0.750572919845581
episode 7328/10000, Elapsed[3.98m], Remain[1.45m]
Rank 0 >> val construction time:  0.11351680755615234
! solution size:  torch.Size([256, 1, 50])
Rank 0 >> val improvement time:  0.8628139495849609
episode 7360/10000, Elapsed[4.00m], Remain[1.43m]
Rank 0 >> val construction time:  0.11434769630432129
! solution size:  torch.Size([256, 1, 50])
Rank 0 >> val improvement time:  0.6389586925506592
episode 7392/10000, Elapsed[4.01m], Remain[1.42m]
Rank 0 >> val construction time:  0.11245226860046387
! solution size:  torch.Size([256, 1, 50])
Rank 0 >> val improvement time:  0.8801374435424805
episode 7424/10000, Elapsed[4.03m], Remain[1.40m]
Rank 0 >> val construction time:  0.10323715209960938
! solution size:  torch.Size([256, 1, 50])
Rank 0 >> val improvement time:  0.6678950786590576
episode 7456/10000, Elapsed[4.05m], Remain[1.38m]
Rank 0 >> val construction time:  0.10669064521789551
! solution size:  torch.Size([256, 1, 50])
Rank 0 >> val improvement time:  0.6682085990905762
episode 7488/10000, Elapsed[4.07m], Remain[1.36m]
Rank 0 >> val construction time:  0.1137380599975586
! solution size:  torch.Size([256, 1, 50])
Rank 0 >> val improvement time:  0.6411037445068359
episode 7520/10000, Elapsed[4.08m], Remain[1.35m]
Rank 0 >> val construction time:  0.09627532958984375
! solution size:  torch.Size([256, 1, 50])
Rank 0 >> val improvement time:  0.6530764102935791
episode 7552/10000, Elapsed[4.10m], Remain[1.33m]
Rank 0 >> val construction time:  0.14851880073547363
! solution size:  torch.Size([256, 1, 50])
Rank 0 >> val improvement time:  0.8830690383911133
episode 7584/10000, Elapsed[4.12m], Remain[1.31m]
Rank 0 >> val construction time:  0.10851502418518066
! solution size:  torch.Size([256, 1, 50])
Rank 0 >> val improvement time:  0.6611804962158203
episode 7616/10000, Elapsed[4.14m], Remain[1.29m]
Rank 0 >> val construction time:  0.11711382865905762
! solution size:  torch.Size([256, 1, 50])
Rank 0 >> val improvement time:  0.9012918472290039
episode 7648/10000, Elapsed[4.16m], Remain[1.28m]
Rank 0 >> val construction time:  0.12841081619262695
! solution size:  torch.Size([256, 1, 50])
Rank 0 >> val improvement time:  0.8545675277709961
episode 7680/10000, Elapsed[4.18m], Remain[1.26m]
Rank 0 >> val construction time:  0.174407958984375
! solution size:  torch.Size([256, 1, 50])
Rank 0 >> val improvement time:  0.6845738887786865
episode 7712/10000, Elapsed[4.20m], Remain[1.24m]
Rank 0 >> val construction time:  0.15851640701293945
! solution size:  torch.Size([256, 1, 50])
Rank 0 >> val improvement time:  0.8159530162811279
episode 7744/10000, Elapsed[4.22m], Remain[1.23m]
Rank 0 >> val construction time:  0.11667871475219727
! solution size:  torch.Size([256, 1, 50])
Rank 0 >> val improvement time:  0.8489365577697754
episode 7776/10000, Elapsed[4.23m], Remain[1.21m]
Rank 0 >> val construction time:  0.13161373138427734
! solution size:  torch.Size([256, 1, 50])
Rank 0 >> val improvement time:  0.674330472946167
episode 7808/10000, Elapsed[4.25m], Remain[1.19m]
Rank 0 >> val construction time:  0.11055922508239746
! solution size:  torch.Size([256, 1, 50])
Rank 0 >> val improvement time:  0.7718291282653809
episode 7840/10000, Elapsed[4.27m], Remain[1.18m]
Rank 0 >> val construction time:  0.11751604080200195
! solution size:  torch.Size([256, 1, 50])
Rank 0 >> val improvement time:  0.6330623626708984
episode 7872/10000, Elapsed[4.29m], Remain[1.16m]
Rank 0 >> val construction time:  0.12051892280578613
! solution size:  torch.Size([256, 1, 50])
Rank 0 >> val improvement time:  0.7757308483123779
episode 7904/10000, Elapsed[4.31m], Remain[1.14m]
Rank 0 >> val construction time:  0.11404085159301758
! solution size:  torch.Size([256, 1, 50])
Rank 0 >> val improvement time:  0.6835803985595703
episode 7936/10000, Elapsed[4.32m], Remain[1.12m]
Rank 0 >> val construction time:  0.1245112419128418
! solution size:  torch.Size([256, 1, 50])
Rank 0 >> val improvement time:  0.6555912494659424
episode 7968/10000, Elapsed[4.34m], Remain[1.11m]
Rank 0 >> val construction time:  0.10650825500488281
! solution size:  torch.Size([256, 1, 50])
Rank 0 >> val improvement time:  0.6894791126251221
episode 8000/10000, Elapsed[4.36m], Remain[1.09m]
Rank 0 >> val construction time:  0.16788530349731445
! solution size:  torch.Size([256, 1, 50])
Rank 0 >> val improvement time:  0.8595566749572754
episode 8032/10000, Elapsed[4.38m], Remain[1.07m]
Rank 0 >> val construction time:  0.1330251693725586
! solution size:  torch.Size([256, 1, 50])
Rank 0 >> val improvement time:  0.7137291431427002
episode 8064/10000, Elapsed[4.40m], Remain[1.06m]
Rank 0 >> val construction time:  0.14502835273742676
! solution size:  torch.Size([256, 1, 50])
Rank 0 >> val improvement time:  0.6670620441436768
episode 8096/10000, Elapsed[4.41m], Remain[1.04m]
Rank 0 >> val construction time:  0.14951515197753906
! solution size:  torch.Size([256, 1, 50])
Rank 0 >> val improvement time:  0.8520591259002686
episode 8128/10000, Elapsed[4.43m], Remain[1.02m]
Rank 0 >> val construction time:  0.10713362693786621
! solution size:  torch.Size([256, 1, 50])
Rank 0 >> val improvement time:  0.6644675731658936
episode 8160/10000, Elapsed[4.45m], Remain[1.00m]
Rank 0 >> val construction time:  0.10451579093933105
! solution size:  torch.Size([256, 1, 50])
Rank 0 >> val improvement time:  0.8120710849761963
episode 8192/10000, Elapsed[4.47m], Remain[0.99m]
Rank 0 >> val construction time:  0.11714982986450195
! solution size:  torch.Size([256, 1, 50])
Rank 0 >> val improvement time:  0.6625669002532959
episode 8224/10000, Elapsed[4.49m], Remain[0.97m]
Rank 0 >> val construction time:  0.10051321983337402
! solution size:  torch.Size([256, 1, 50])
Rank 0 >> val improvement time:  0.6415572166442871
episode 8256/10000, Elapsed[4.50m], Remain[0.95m]
Rank 0 >> val construction time:  0.11651420593261719
! solution size:  torch.Size([256, 1, 50])
Rank 0 >> val improvement time:  0.6331403255462646
episode 8288/10000, Elapsed[4.52m], Remain[0.93m]
Rank 0 >> val construction time:  0.10851573944091797
! solution size:  torch.Size([256, 1, 50])
Rank 0 >> val improvement time:  0.6372559070587158
episode 8320/10000, Elapsed[4.53m], Remain[0.92m]
Rank 0 >> val construction time:  0.13185572624206543
! solution size:  torch.Size([256, 1, 50])
Rank 0 >> val improvement time:  0.7265689373016357
episode 8352/10000, Elapsed[4.55m], Remain[0.90m]
Rank 0 >> val construction time:  0.16766095161437988
! solution size:  torch.Size([256, 1, 50])
Rank 0 >> val improvement time:  0.7857956886291504
episode 8384/10000, Elapsed[4.57m], Remain[0.88m]
Rank 0 >> val construction time:  0.11051559448242188
! solution size:  torch.Size([256, 1, 50])
Rank 0 >> val improvement time:  0.8680636882781982
episode 8416/10000, Elapsed[4.59m], Remain[0.86m]
Rank 0 >> val construction time:  0.15059947967529297
! solution size:  torch.Size([256, 1, 50])
Rank 0 >> val improvement time:  0.6865978240966797
episode 8448/10000, Elapsed[4.61m], Remain[0.85m]
Rank 0 >> val construction time:  0.1630260944366455
! solution size:  torch.Size([256, 1, 50])
Rank 0 >> val improvement time:  0.6817300319671631
episode 8480/10000, Elapsed[4.63m], Remain[0.83m]
Rank 0 >> val construction time:  0.16951441764831543
! solution size:  torch.Size([256, 1, 50])
Rank 0 >> val improvement time:  0.6832232475280762
episode 8512/10000, Elapsed[4.65m], Remain[0.81m]
Rank 0 >> val construction time:  0.10950946807861328
! solution size:  torch.Size([256, 1, 50])
Rank 0 >> val improvement time:  0.6725730895996094
episode 8544/10000, Elapsed[4.67m], Remain[0.79m]
Rank 0 >> val construction time:  0.11051297187805176
! solution size:  torch.Size([256, 1, 50])
Rank 0 >> val improvement time:  0.8289599418640137
episode 8576/10000, Elapsed[4.68m], Remain[0.78m]
Rank 0 >> val construction time:  0.10706830024719238
! solution size:  torch.Size([256, 1, 50])
Rank 0 >> val improvement time:  0.760573148727417
episode 8608/10000, Elapsed[4.70m], Remain[0.76m]
Rank 0 >> val construction time:  0.1130225658416748
! solution size:  torch.Size([256, 1, 50])
Rank 0 >> val improvement time:  0.6847214698791504
episode 8640/10000, Elapsed[4.72m], Remain[0.74m]
Rank 0 >> val construction time:  0.1248786449432373
! solution size:  torch.Size([256, 1, 50])
Rank 0 >> val improvement time:  0.6598966121673584
episode 8672/10000, Elapsed[4.74m], Remain[0.73m]
Rank 0 >> val construction time:  0.13651132583618164
! solution size:  torch.Size([256, 1, 50])
Rank 0 >> val improvement time:  0.6415801048278809
episode 8704/10000, Elapsed[4.76m], Remain[0.71m]
Rank 0 >> val construction time:  0.1336956024169922
! solution size:  torch.Size([256, 1, 50])
Rank 0 >> val improvement time:  0.6794755458831787
episode 8736/10000, Elapsed[4.77m], Remain[0.69m]
Rank 0 >> val construction time:  0.11751127243041992
! solution size:  torch.Size([256, 1, 50])
Rank 0 >> val improvement time:  0.7691042423248291
episode 8768/10000, Elapsed[4.79m], Remain[0.67m]
Rank 0 >> val construction time:  0.10651326179504395
! solution size:  torch.Size([256, 1, 50])
Rank 0 >> val improvement time:  0.8240809440612793
episode 8800/10000, Elapsed[4.81m], Remain[0.66m]
Rank 0 >> val construction time:  0.13301992416381836
! solution size:  torch.Size([256, 1, 50])
Rank 0 >> val improvement time:  0.6520626544952393
episode 8832/10000, Elapsed[4.83m], Remain[0.64m]
Rank 0 >> val construction time:  0.13902568817138672
! solution size:  torch.Size([256, 1, 50])
Rank 0 >> val improvement time:  0.7240002155303955
episode 8864/10000, Elapsed[4.85m], Remain[0.62m]
Rank 0 >> val construction time:  0.13708972930908203
! solution size:  torch.Size([256, 1, 50])
Rank 0 >> val improvement time:  0.6759312152862549
episode 8896/10000, Elapsed[4.86m], Remain[0.60m]
Rank 0 >> val construction time:  0.13251972198486328
! solution size:  torch.Size([256, 1, 50])
Rank 0 >> val improvement time:  0.8535768985748291
episode 8928/10000, Elapsed[4.88m], Remain[0.59m]
Rank 0 >> val construction time:  0.11903858184814453
! solution size:  torch.Size([256, 1, 50])
Rank 0 >> val improvement time:  0.846104621887207
episode 8960/10000, Elapsed[4.90m], Remain[0.57m]
Rank 0 >> val construction time:  0.13351893424987793
! solution size:  torch.Size([256, 1, 50])
Rank 0 >> val improvement time:  0.6555671691894531
episode 8992/10000, Elapsed[4.92m], Remain[0.55m]
Rank 0 >> val construction time:  0.12851500511169434
! solution size:  torch.Size([256, 1, 50])
Rank 0 >> val improvement time:  0.6957070827484131
episode 9024/10000, Elapsed[4.94m], Remain[0.53m]
Rank 0 >> val construction time:  0.17264389991760254
! solution size:  torch.Size([256, 1, 50])
Rank 0 >> val improvement time:  0.8658056259155273
episode 9056/10000, Elapsed[4.96m], Remain[0.52m]
Rank 0 >> val construction time:  0.12267565727233887
! solution size:  torch.Size([256, 1, 50])
Rank 0 >> val improvement time:  0.6600632667541504
episode 9088/10000, Elapsed[4.98m], Remain[0.50m]
Rank 0 >> val construction time:  0.1108858585357666
! solution size:  torch.Size([256, 1, 50])
Rank 0 >> val improvement time:  0.6496706008911133
episode 9120/10000, Elapsed[4.99m], Remain[0.48m]
Rank 0 >> val construction time:  0.1206810474395752
! solution size:  torch.Size([256, 1, 50])
Rank 0 >> val improvement time:  0.8782699108123779
episode 9152/10000, Elapsed[5.01m], Remain[0.46m]
Rank 0 >> val construction time:  0.10951757431030273
! solution size:  torch.Size([256, 1, 50])
Rank 0 >> val improvement time:  0.82271409034729
episode 9184/10000, Elapsed[5.03m], Remain[0.45m]
Rank 0 >> val construction time:  0.10551142692565918
! solution size:  torch.Size([256, 1, 50])
Rank 0 >> val improvement time:  0.806053638458252
episode 9216/10000, Elapsed[5.05m], Remain[0.43m]
Rank 0 >> val construction time:  0.11151623725891113
! solution size:  torch.Size([256, 1, 50])
Rank 0 >> val improvement time:  0.6745617389678955
episode 9248/10000, Elapsed[5.07m], Remain[0.41m]
Rank 0 >> val construction time:  0.11051678657531738
! solution size:  torch.Size([256, 1, 50])
Rank 0 >> val improvement time:  0.622145414352417
episode 9280/10000, Elapsed[5.08m], Remain[0.39m]
Rank 0 >> val construction time:  0.11903786659240723
! solution size:  torch.Size([256, 1, 50])
Rank 0 >> val improvement time:  0.6821157932281494
episode 9312/10000, Elapsed[5.10m], Remain[0.38m]
Rank 0 >> val construction time:  0.11851668357849121
! solution size:  torch.Size([256, 1, 50])
Rank 0 >> val improvement time:  0.855074405670166
episode 9344/10000, Elapsed[5.12m], Remain[0.36m]
Rank 0 >> val construction time:  0.13051605224609375
! solution size:  torch.Size([256, 1, 50])
Rank 0 >> val improvement time:  0.8070728778839111
episode 9376/10000, Elapsed[5.14m], Remain[0.34m]
Rank 0 >> val construction time:  0.12351512908935547
! solution size:  torch.Size([256, 1, 50])
Rank 0 >> val improvement time:  0.8455743789672852
episode 9408/10000, Elapsed[5.16m], Remain[0.32m]
Rank 0 >> val construction time:  0.1545276641845703
! solution size:  torch.Size([256, 1, 50])
Rank 0 >> val improvement time:  0.6661231517791748
episode 9440/10000, Elapsed[5.18m], Remain[0.31m]
Rank 0 >> val construction time:  0.17497825622558594
! solution size:  torch.Size([256, 1, 50])
Rank 0 >> val improvement time:  0.854938268661499
episode 9472/10000, Elapsed[5.20m], Remain[0.29m]
Rank 0 >> val construction time:  0.11522150039672852
! solution size:  torch.Size([256, 1, 50])
Rank 0 >> val improvement time:  0.6395790576934814
episode 9504/10000, Elapsed[5.22m], Remain[0.27m]
Rank 0 >> val construction time:  0.15309762954711914
! solution size:  torch.Size([256, 1, 50])
Rank 0 >> val improvement time:  0.6584742069244385
episode 9536/10000, Elapsed[5.23m], Remain[0.25m]
Rank 0 >> val construction time:  0.10871434211730957
! solution size:  torch.Size([256, 1, 50])
Rank 0 >> val improvement time:  0.6389498710632324
episode 9568/10000, Elapsed[5.25m], Remain[0.24m]
Rank 0 >> val construction time:  0.1225128173828125
! solution size:  torch.Size([256, 1, 50])
Rank 0 >> val improvement time:  0.8540914058685303
episode 9600/10000, Elapsed[5.27m], Remain[0.22m]
Rank 0 >> val construction time:  0.10651445388793945
! solution size:  torch.Size([256, 1, 50])
Rank 0 >> val improvement time:  0.6400613784790039
episode 9632/10000, Elapsed[5.29m], Remain[0.20m]
Rank 0 >> val construction time:  0.10506582260131836
! solution size:  torch.Size([256, 1, 50])
Rank 0 >> val improvement time:  0.6255693435668945
episode 9664/10000, Elapsed[5.30m], Remain[0.18m]
Rank 0 >> val construction time:  0.12195658683776855
! solution size:  torch.Size([256, 1, 50])
Rank 0 >> val improvement time:  0.674048900604248
episode 9696/10000, Elapsed[5.32m], Remain[0.17m]
Rank 0 >> val construction time:  0.0905916690826416
! solution size:  torch.Size([256, 1, 50])
Rank 0 >> val improvement time:  0.6165354251861572
episode 9728/10000, Elapsed[5.34m], Remain[0.15m]
Rank 0 >> val construction time:  0.11607646942138672
! solution size:  torch.Size([256, 1, 50])
Rank 0 >> val improvement time:  0.6539397239685059
episode 9760/10000, Elapsed[5.35m], Remain[0.13m]
Rank 0 >> val construction time:  0.1572551727294922
! solution size:  torch.Size([256, 1, 50])
Rank 0 >> val improvement time:  0.8709325790405273
episode 9792/10000, Elapsed[5.37m], Remain[0.11m]
Rank 0 >> val construction time:  0.10794401168823242
! solution size:  torch.Size([256, 1, 50])
Rank 0 >> val improvement time:  0.651141881942749
episode 9824/10000, Elapsed[5.39m], Remain[0.10m]
Rank 0 >> val construction time:  0.11102819442749023
! solution size:  torch.Size([256, 1, 50])
Rank 0 >> val improvement time:  0.7450621128082275
episode 9856/10000, Elapsed[5.41m], Remain[0.08m]
Rank 0 >> val construction time:  0.16108989715576172
! solution size:  torch.Size([256, 1, 50])
Rank 0 >> val improvement time:  0.8240749835968018
episode 9888/10000, Elapsed[5.43m], Remain[0.06m]
Rank 0 >> val construction time:  0.13226079940795898
! solution size:  torch.Size([256, 1, 50])
Rank 0 >> val improvement time:  0.6635587215423584
episode 9920/10000, Elapsed[5.44m], Remain[0.04m]
Rank 0 >> val construction time:  0.12950873374938965
! solution size:  torch.Size([256, 1, 50])
Rank 0 >> val improvement time:  0.6715588569641113
episode 9952/10000, Elapsed[5.46m], Remain[0.03m]
Rank 0 >> val construction time:  0.11823344230651855
! solution size:  torch.Size([256, 1, 50])
Rank 0 >> val improvement time:  0.678877592086792
episode 9984/10000, Elapsed[5.48m], Remain[0.01m]
Rank 0 >> val construction time:  0.10051441192626953
! solution size:  torch.Size([128, 1, 50])
Rank 0 >> val improvement time:  0.7762482166290283
episode 10000/10000, Elapsed[5.50m], Remain[0.00m]
>> Only feasible solutions are under consideration!
>> Load optimal solution from: ./data\TSPTW\lkh_tsptw50_hard.pkl
Rank 0 >> Val Score on tsptw50_hard.pkl: [Construction] NO_AUG_Score: 25.7445, NO_AUG_Gap: 0.6155% --> AUG_Score: 25.7135, AUG_Gap: 0.4744%; Infeasible rate: 18.035% (solution-level), 9.62% (instance-level)
Rank 0 >> Val Score on tsptw50_hard.pkl: [Improvement] NO_AUG_Score: 25.6244, NO_AUG_Gap: 0.0528% --> AUG_Score: 25.6154, AUG_Gap: 0.0195%; Infeasible rate: 0.076% (solution-level), 0.01% (instance-level)
>> Evaluation finished within 329.83s


*** Test Done on TSPTW ***

*** Construction ***
 NO-AUG SCORE: 25.7445, Gap: 0.6155
 AUGMENTATION SCORE: 25.7135, Gap: 0.4744
Solution level Infeasible rate: 18.035%
Instance level Infeasible rate: 9.620%

*** Improvement ***
 NO-AUG SCORE: 25.6244, Gap: 0.0528
 AUGMENTATION SCORE: 25.6154, Gap: 0.0195
NO AUG Solution level Infeasible rate: 0.070%
Solution level Infeasible rate: 0.076%
Instance level Infeasible rate: 0.010%
----- STDERR -----
