TSPTW50-hard CaR-POMO benchmark_100_memory
Python executable: D:\Miniconda3\envs\car\python.exe
Arguments: -u test.py --problem TSPTW --problem_size 50 --hardness hard --checkpoint pretrained/TSPTW/CaR-POMO_50_hard/checkpoint.pt --test_episodes 100 --test_batch_size 32 --test_pomo_size 1 --improve_steps 5 --validation_improve_steps 20 --pomo_size 50 --pomo_start false --soft_constrained true --eval_type softmax --sample_size 1 --seed 2023 --gpu_id 0
Started: 2026-09-20T21:49:22.2782718+08:00
Finished: 2026-09-20T21:49:36.5674935+08:00
Elapsed seconds: 14.289
Exit code: 0
GPU baseline MiB: 12
GPU sampled peak MiB: 331
----- STDOUT -----
>> No occupation needed
>> USE_CUDA: True, CUDA_DEVICE_NUM: 0
>> Use unified encoder for Improvement and Construction!
>> Use kopt decoder for Improvement!
Number of Parameters: 1637856

======================================================================
                    TEST CONFIGURATION
======================================================================
  Problem:              TSPTW (Size: 50, Hardness: hard)
  Checkpoint:           pretrained/TSPTW/CaR-POMO_50_hard/checkpoint.pt
  Test Episodes:        100 | Batch Size: 32
  Validation Improve Steps: 20
  Soft Constrained:     True
  Improvement Method:   kopt | N2S Decoder: False
  POMO Start:           False | Test POMO Size: 1
  Unified Encoder:       True | Unified Decoder: False
  Eval Type:            softmax
  Sample Size:          1
======================================================================

>> TEST dataset tsptw50_hard.pkl
>> TEST 100 instances.
>> validation eval type:  softmax
Rank 0 >> val construction time:  0.6743123531341553
! solution size:  torch.Size([256, 1, 50])
Rank 0 >> val improvement time:  1.336214542388916
episode  32/100, Elapsed[0.04m], Remain[0.09m]
Rank 0 >> val construction time:  0.09971261024475098
! solution size:  torch.Size([256, 1, 50])
Rank 0 >> val improvement time:  1.1799073219299316
episode  64/100, Elapsed[0.07m], Remain[0.04m]
Rank 0 >> val construction time:  0.10409832000732422
! solution size:  torch.Size([256, 1, 50])
Rank 0 >> val improvement time:  1.195164680480957
episode  96/100, Elapsed[0.10m], Remain[0.00m]
Rank 0 >> val construction time:  0.08673334121704102
! solution size:  torch.Size([32, 1, 50])
Rank 0 >> val improvement time:  0.9186820983886719
episode 100/100, Elapsed[0.12m], Remain[0.00m]
>> Only feasible solutions are under consideration!
>> Load optimal solution from: ./data\TSPTW\lkh_tsptw50_hard.pkl
Rank 0 >> Val Score on tsptw50_hard.pkl: [Construction] NO_AUG_Score: 25.8195, NO_AUG_Gap: 0.6807% --> AUG_Score: 25.8209, AUG_Gap: 0.5381%; Infeasible rate: 18.0% (solution-level), 8.0% (instance-level)
Rank 0 >> Val Score on tsptw50_hard.pkl: [Improvement] NO_AUG_Score: 25.768, NO_AUG_Gap: 0.0533% --> AUG_Score: 25.7621, AUG_Gap: 0.0292%; Infeasible rate: 0.125% (solution-level), 0.0% (instance-level)
>> Evaluation finished within 6.96s

 
*** Test Done on TSPTW *** 
 
*** Construction *** 
 NO-AUG SCORE: 25.8195, Gap: 0.6807 
 AUGMENTATION SCORE: 25.8209, Gap: 0.5381 
Solution level Infeasible rate: 18.000%
Instance level Infeasible rate: 8.000%
 
*** Improvement *** 
 NO-AUG SCORE: 25.768, Gap: 0.0533 
 AUGMENTATION SCORE: 25.7621, Gap: 0.0292 
NO AUG Solution level Infeasible rate: 0.000%
Solution level Infeasible rate: 0.125%
Instance level Infeasible rate: 0.000%
----- STDERR -----
