TSPTW50-hard CaR-POMO calibration_20step
Python executable: D:\Miniconda3\envs\car\python.exe
Arguments: -u test.py --problem TSPTW --problem_size 50 --hardness hard --checkpoint pretrained/TSPTW/CaR-POMO_50_hard/checkpoint.pt --test_episodes 2 --test_batch_size 2 --test_pomo_size 1 --validation_improve_steps 20 --pomo_size 50 --pomo_start false --soft_constrained true --eval_type softmax --sample_size 1 --seed 2023 --gpu_id 0
Started: 2026-09-18T17:56:16.7913698+08:00
Finished: 2026-09-18T17:56:27.4268103+08:00
Elapsed seconds: 10.635
Exit code: 0
GPU baseline MiB: 0
GPU sampled peak MiB: 200
----- STDOUT -----
>> No occupation needed
>> USE_CUDA: True, CUDA_DEVICE_NUM: 0
>> Use unified encoder for Improvement and Construction!
>> Use kopt decoder for Improvement!
Number of Parameters: 1637856

======================================================================
                    TEST CONFIGURATION
======================================================================
  Problem:              TSPTW (Size: 50, Hardness: hard)
  Checkpoint:           pretrained/TSPTW/CaR-POMO_50_hard/checkpoint.pt
  Test Episodes:        2 | Batch Size: 2
  Validation Improve Steps: 20
  Soft Constrained:     True
  Improvement Method:   kopt | N2S Decoder: False
  POMO Start:           False | Test POMO Size: 1
  Unified Encoder:       True | Unified Decoder: False
  Eval Type:            softmax
  Sample Size:          1
======================================================================

>> TEST dataset tsptw50_hard.pkl
>> TEST 2 instances.
>> validation eval type:  softmax
Rank 0 >> val construction time:  0.8523597717285156
! solution size:  torch.Size([16, 1, 50])
Rank 0 >> val improvement time:  1.2044408321380615
episode   2/  2, Elapsed[0.05m], Remain[0.00m]
>> Only feasible solutions are under consideration!
>> Load optimal solution from: ./data\TSPTW\lkh_tsptw50_hard.pkl
Rank 0 >> Val Score on tsptw50_hard.pkl: [Construction] NO_AUG_Score: 26.5334, NO_AUG_Gap: 0.0691% --> AUG_Score: 26.5334, AUG_Gap: 0.0691%; Infeasible rate: 0.0% (solution-level), 0.0% (instance-level)
Rank 0 >> Val Score on tsptw50_hard.pkl: [Improvement] NO_AUG_Score: 26.5151, NO_AUG_Gap: -0.0% --> AUG_Score: 26.5151, AUG_Gap: -0.0%; Infeasible rate: 0.0% (solution-level), 0.0% (instance-level)
>> Evaluation finished within 2.85s

 
*** Test Done on TSPTW *** 
 
*** Construction *** 
 NO-AUG SCORE: 26.5334, Gap: 0.0691 
 AUGMENTATION SCORE: 26.5334, Gap: 0.0691 
Solution level Infeasible rate: 0.000%
Instance level Infeasible rate: 0.000%
 
*** Improvement *** 
 NO-AUG SCORE: 26.5151, Gap: -0.0000 
 AUGMENTATION SCORE: 26.5151, Gap: -0.0000 
NO AUG Solution level Infeasible rate: 0.000%
Solution level Infeasible rate: 0.000%
Instance level Infeasible rate: 0.000%
----- STDERR -----
